I'm sorry, but errors were detected in your script. Please correct the
errors listed below, and try again.


File "game/minigame.rpy", line 69: expected an indented block
            else:
             ^

Ren'Py Version: Ren'Py 8.1.2.23090503
Mon Nov 27 01:57:21 2023
